2026-01-17T21:23:31.7258600Z Current runner version: '2.331.0'
2026-01-17T21:23:31.7281297Z ##[group]Runner Image Provisioner
2026-01-17T21:23:31.7282084Z Hosted Compute Agent
2026-01-17T21:23:31.7282586Z Version: 20251211.462
2026-01-17T21:23:31.7283311Z Commit: 6cbad8c2bb55d58165063d031ccabf57e2d2db61
2026-01-17T21:23:31.7284011Z Build Date: 2025-12-11T16:28:49Z
2026-01-17T21:23:31.7284643Z Worker ID: {ec2983c3-b05c-4a4c-93e1-b4aecc648e44}
2026-01-17T21:23:31.7285349Z ##[endgroup]
2026-01-17T21:23:31.7285881Z ##[group]Operating System
2026-01-17T21:23:31.7286397Z Ubuntu
2026-01-17T21:23:31.7286914Z 24.04.3
2026-01-17T21:23:31.7287405Z LTS
2026-01-17T21:23:31.7287824Z ##[endgroup]
2026-01-17T21:23:31.7288370Z ##[group]Runner Image
2026-01-17T21:23:31.7288876Z Image: ubuntu-24.04
2026-01-17T21:23:31.7289377Z Version: 20260111.209.1
2026-01-17T21:23:31.7290374Z Included Software: https://github.com/actions/runner-images/blob/ubuntu24/20260111.209/images/ubuntu/Ubuntu2404-Readme.md
2026-01-17T21:23:31.7292282Z Image Release: https://github.com/actions/runner-images/releases/tag/ubuntu24%2F20260111.209
2026-01-17T21:23:31.7293309Z ##[endgroup]
2026-01-17T21:23:31.7295875Z ##[group]GITHUB_TOKEN Permissions
2026-01-17T21:23:31.7297824Z Actions: read
2026-01-17T21:23:31.7298442Z ArtifactMetadata: read
2026-01-17T21:23:31.7298953Z Attestations: read
2026-01-17T21:23:31.7299517Z Checks: read
2026-01-17T21:23:31.7299984Z Contents: read
2026-01-17T21:23:31.7300478Z Deployments: read
2026-01-17T21:23:31.7301237Z Discussions: read
2026-01-17T21:23:31.7301893Z Issues: read
2026-01-17T21:23:31.7302364Z Metadata: read
2026-01-17T21:23:31.7302791Z Models: read
2026-01-17T21:23:31.7303339Z Packages: read
2026-01-17T21:23:31.7303795Z Pages: read
2026-01-17T21:23:31.7304262Z PullRequests: read
2026-01-17T21:23:31.7304951Z RepositoryProjects: read
2026-01-17T21:23:31.7305507Z SecurityEvents: read
2026-01-17T21:23:31.7305984Z Statuses: read
2026-01-17T21:23:31.7306522Z ##[endgroup]
2026-01-17T21:23:31.7308485Z Secret source: None
2026-01-17T21:23:31.7309136Z Prepare workflow directory
2026-01-17T21:23:31.7631358Z Prepare all required actions
2026-01-17T21:23:31.7668489Z Getting action download info
2026-01-17T21:23:32.1480694Z Download action repository 'actions/checkout@v4' (SHA:34e114876b0b11c390a56381ad16ebd13914f8d5)
2026-01-17T21:23:32.2671438Z Download action repository 'is-a-dev/dnscontrol-action@main' (SHA:cab3c5a3239f2eef84ca08f6ba03ce54439afa00)
2026-01-17T21:23:32.8513305Z Complete job name: Tests
2026-01-17T21:23:32.8972436Z ##[group]Build container for action use: '/home/runner/work/_actions/is-a-dev/dnscontrol-action/main/Dockerfile'.
2026-01-17T21:23:32.9022393Z ##[command]/usr/bin/docker build -t faf0f9:1db38088839f424a8807942f9c1f1d9c -f "/home/runner/work/_actions/is-a-dev/dnscontrol-action/main/Dockerfile" "/home/runner/work/_actions/is-a-dev/dnscontrol-action/main"
2026-01-17T21:23:33.6640526Z #0 building with "default" instance using docker driver
2026-01-17T21:23:33.6642023Z 
2026-01-17T21:23:33.6642399Z #1 [internal] load build definition from Dockerfile
2026-01-17T21:23:33.6643384Z #1 transferring dockerfile: 1.12kB done
2026-01-17T21:23:33.6644157Z #1 DONE 0.0s
2026-01-17T21:23:33.6644493Z 
2026-01-17T21:23:33.6644915Z #2 [internal] load metadata for docker.io/library/alpine:3
2026-01-17T21:23:33.8675709Z #2 ...
2026-01-17T21:23:33.8676236Z 
2026-01-17T21:23:33.8676947Z #3 [auth] library/alpine:pull token for registry-1.docker.io
2026-01-17T21:23:33.8678078Z #3 DONE 0.0s
2026-01-17T21:23:34.0171331Z 
2026-01-17T21:23:34.0171818Z #2 [internal] load metadata for docker.io/library/alpine:3
2026-01-17T21:23:34.4543089Z #2 DONE 0.9s
2026-01-17T21:23:34.5759938Z 
2026-01-17T21:23:34.5760171Z #4 [internal] load .dockerignore
2026-01-17T21:23:34.5761329Z #4 transferring context: 2B done
2026-01-17T21:23:34.5762028Z #4 DONE 0.0s
2026-01-17T21:23:34.5762541Z 
2026-01-17T21:23:34.5762791Z #5 [internal] load build context
2026-01-17T21:23:34.5763260Z #5 transferring context: 1.33kB done
2026-01-17T21:23:34.5763722Z #5 DONE 0.0s
2026-01-17T21:23:34.5763914Z 
2026-01-17T21:23:34.5764708Z #6 [1/8] FROM docker.io/library/alpine:3@sha256:865b95f46d98cf867a156fe4a135ad3fe50d2056aa3f25ed31662dff6da4eb62
2026-01-17T21:23:34.5765671Z #6 resolve docker.io/library/alpine:3@sha256:865b95f46d98cf867a156fe4a135ad3fe50d2056aa3f25ed31662dff6da4eb62 done
2026-01-17T21:23:34.5766541Z #6 sha256:865b95f46d98cf867a156fe4a135ad3fe50d2056aa3f25ed31662dff6da4eb62 9.22kB / 9.22kB done
2026-01-17T21:23:34.5767354Z #6 sha256:1882fa4569e0c591ea092d3766c4893e19b8901a8e649de7067188aba3cc0679 1.02kB / 1.02kB done
2026-01-17T21:23:34.5768117Z #6 sha256:e7b39c54cdeca0d2aae83114bb605753a5f5bc511fe8be7590e38f6d9f915dad 611B / 611B done
2026-01-17T21:23:34.5768974Z #6 sha256:1074353eec0db2c1d81d5af2671e56e00cf5738486f5762609ea33d606f88612 0B / 3.86MB 0.1s
2026-01-17T21:23:34.7541516Z #6 sha256:1074353eec0db2c1d81d5af2671e56e00cf5738486f5762609ea33d606f88612 3.86MB / 3.86MB 0.2s done
2026-01-17T21:23:34.7542755Z #6 extracting sha256:1074353eec0db2c1d81d5af2671e56e00cf5738486f5762609ea33d606f88612 0.1s done
2026-01-17T21:23:34.9321031Z #6 DONE 0.3s
2026-01-17T21:23:34.9321317Z 
2026-01-17T21:23:34.9321811Z #7 [2/8] RUN apk -U --no-cache upgrade &&     apk add --no-cache bash ca-certificates curl libc6-compat tar
2026-01-17T21:23:35.5305834Z #7 0.749 OK: 8222 KiB in 16 packages
2026-01-17T21:23:35.9143154Z #7 1.133 ( 1/20) Installing ncurses-terminfo-base (6.5_p20251123-r0)
2026-01-17T21:23:36.0195205Z #7 1.150 ( 2/20) Installing libncursesw (6.5_p20251123-r0)
2026-01-17T21:23:36.0195805Z #7 1.165 ( 3/20) Installing readline (8.3.1-r0)
2026-01-17T21:23:36.0196348Z #7 1.180 ( 4/20) Installing bash (5.3.3-r1)
2026-01-17T21:23:36.0196817Z #7 1.204   Executing bash-5.3.3-r1.post-install
2026-01-17T21:23:36.0197350Z #7 1.208 ( 5/20) Installing ca-certificates (20251003-r0)
2026-01-17T21:23:36.0197869Z #7 1.239 ( 6/20) Installing brotli-libs (1.2.0-r0)
2026-01-17T21:23:36.1265461Z #7 1.257 ( 7/20) Installing c-ares (1.34.6-r0)
2026-01-17T21:23:36.1266421Z #7 1.271 ( 8/20) Installing libunistring (1.4.1-r0)
2026-01-17T21:23:36.1267400Z #7 1.293 ( 9/20) Installing libidn2 (2.3.8-r0)
2026-01-17T21:23:36.1268126Z #7 1.307 (10/20) Installing nghttp2-libs (1.68.0-r0)
2026-01-17T21:23:36.1268807Z #7 1.320 (11/20) Installing nghttp3 (1.13.1-r0)
2026-01-17T21:23:36.1269428Z #7 1.333 (12/20) Installing libpsl (0.21.5-r3)
2026-01-17T21:23:36.1270064Z #7 1.346 (13/20) Installing zstd-libs (1.5.7-r2)
2026-01-17T21:23:36.2419405Z #7 1.363 (14/20) Installing libcurl (8.17.0-r1)
2026-01-17T21:23:36.2420020Z #7 1.380 (15/20) Installing curl (8.17.0-r1)
2026-01-17T21:23:36.2420488Z #7 1.395 (16/20) Installing musl-obstack (1.2.3-r2)
2026-01-17T21:23:36.2421148Z #7 1.407 (17/20) Installing libucontext (1.3.3-r0)
2026-01-17T21:23:36.2421609Z #7 1.419 (18/20) Installing gcompat (1.1.0-r4)
2026-01-17T21:23:36.2422045Z #7 1.432 (19/20) Installing acl-libs (2.3.2-r1)
2026-01-17T21:23:36.2422464Z #7 1.445 (20/20) Installing tar (1.35-r4)
2026-01-17T21:23:36.2422880Z #7 1.461 Executing busybox-1.37.0-r30.trigger
2026-01-17T21:23:36.4385956Z #7 1.466 Executing ca-certificates-20251003-r0.trigger
2026-01-17T21:23:36.4386485Z #7 1.507 OK: 16.0 MiB in 36 packages
2026-01-17T21:23:37.0573922Z #7 DONE 2.3s
2026-01-17T21:23:37.1760559Z 
2026-01-17T21:23:37.1762085Z #8 [3/8] RUN  addgroup -S dnscontrol-user && adduser -S dnscontrol-user -G dnscontrol-user --disabled-password
2026-01-17T21:23:37.1768026Z #8 DONE 0.1s
2026-01-17T21:23:37.3281073Z 
2026-01-17T21:23:37.3282333Z #9 [4/8] RUN curl -sL "https://github.com/StackExchange/dnscontrol/releases/download/v4.14.0/dnscontrol_4.14.0_linux_amd64.tar.gz"     -o dnscontrol &&     tar xvf dnscontrol
2026-01-17T21:23:37.6665449Z #9 0.489 LICENSE
2026-01-17T21:23:37.8168840Z #9 0.489 README.md
2026-01-17T21:23:37.8169202Z #9 0.490 dnscontrol
2026-01-17T21:23:38.0436927Z #9 DONE 0.9s
2026-01-17T21:23:38.1950400Z 
2026-01-17T21:23:38.1951652Z #10 [5/8] RUN chown dnscontrol-user:dnscontrol-user  dnscontrol
2026-01-17T21:23:38.2049971Z #10 DONE 0.2s
2026-01-17T21:23:38.3561399Z 
2026-01-17T21:23:38.3562219Z #11 [6/8] RUN chmod +x dnscontrol &&     chmod 755 dnscontrol &&     cp dnscontrol /usr/local/bin/dnscontrol
2026-01-17T21:23:38.4556142Z #11 DONE 0.2s
2026-01-17T21:23:38.5704513Z 
2026-01-17T21:23:38.5705092Z #12 [7/8] RUN ["dnscontrol", "version"]
2026-01-17T21:23:38.5705609Z #12 0.114 DNSControl version 4.14.0
2026-01-17T21:23:38.7506594Z #12 DONE 0.1s
2026-01-17T21:23:38.7507145Z 
2026-01-17T21:23:38.7507578Z #13 [8/8] COPY entrypoint.sh bin/filter-preview-output.sh /
2026-01-17T21:23:38.7510300Z #13 DONE 0.0s
2026-01-17T21:23:38.7510537Z 
2026-01-17T21:23:38.7510671Z #14 exporting to image
2026-01-17T21:23:38.7511179Z #14 exporting layers
2026-01-17T21:23:39.0239931Z #14 exporting layers 0.4s done
2026-01-17T21:23:39.0499179Z #14 writing image sha256:f3d68e775f436fae0fab75cad22440a5c688aa3c4771cddee63ab8d7ba6adc22 done
2026-01-17T21:23:39.0500606Z #14 naming to docker.io/library/faf0f9:1db38088839f424a8807942f9c1f1d9c done
2026-01-17T21:23:39.0546329Z #14 DONE 0.4s
2026-01-17T21:23:39.0553966Z ##[endgroup]
2026-01-17T21:23:39.0822784Z ##[group]Run actions/checkout@v4
2026-01-17T21:23:39.0823307Z with:
2026-01-17T21:23:39.0823510Z   repository: is-a-dev/register
2026-01-17T21:23:39.0823894Z   token: ***
2026-01-17T21:23:39.0824067Z   ssh-strict: true
2026-01-17T21:23:39.0824252Z   ssh-user: git
2026-01-17T21:23:39.0824434Z   persist-credentials: true
2026-01-17T21:23:39.0824657Z   clean: true
2026-01-17T21:23:39.0824842Z   sparse-checkout-cone-mode: true
2026-01-17T21:23:39.0825120Z   fetch-depth: 1
2026-01-17T21:23:39.0825291Z   fetch-tags: false
2026-01-17T21:23:39.0825479Z   show-progress: true
2026-01-17T21:23:39.0825664Z   lfs: false
2026-01-17T21:23:39.0825835Z   submodules: false
2026-01-17T21:23:39.0826027Z   set-safe-directory: true
2026-01-17T21:23:39.0826423Z ##[endgroup]
2026-01-17T21:23:39.1905313Z Syncing repository: is-a-dev/register
2026-01-17T21:23:39.1907190Z ##[group]Getting Git version info
2026-01-17T21:23:39.1907848Z Working directory is '/home/runner/work/register/register'
2026-01-17T21:23:39.1908913Z [command]/usr/bin/git version
2026-01-17T21:23:39.1927850Z git version 2.52.0
2026-01-17T21:23:39.1953812Z ##[endgroup]
2026-01-17T21:23:39.1968564Z Temporarily overriding HOME='/home/runner/work/_temp/b11b5543-8c46-4c7f-89ff-0825dce68b73' before making global git config changes
2026-01-17T21:23:39.1969976Z Adding repository directory to the temporary git global config as a safe directory
2026-01-17T21:23:39.1974665Z [command]/usr/bin/git config --global --add safe.directory /home/runner/work/register/register
2026-01-17T21:23:39.2013087Z Deleting the contents of '/home/runner/work/register/register'
2026-01-17T21:23:39.2016740Z ##[group]Initializing the repository
2026-01-17T21:23:39.2021201Z [command]/usr/bin/git init /home/runner/work/register/register
2026-01-17T21:23:39.2117311Z hint: Using 'master' as the name for the initial branch. This default branch name
2026-01-17T21:23:39.2118387Z hint: will change to "main" in Git 3.0. To configure the initial branch name
2026-01-17T21:23:39.2119096Z hint: to use in all of your new repositories, which will suppress this warning,
2026-01-17T21:23:39.2119488Z hint: call:
2026-01-17T21:23:39.2119655Z hint:
2026-01-17T21:23:39.2119925Z hint: 	git config --global init.defaultBranch <name>
2026-01-17T21:23:39.2120218Z hint:
2026-01-17T21:23:39.2120517Z hint: Names commonly chosen instead of 'master' are 'main', 'trunk' and
2026-01-17T21:23:39.2121599Z hint: 'development'. The just-created branch can be renamed via this command:
2026-01-17T21:23:39.2122201Z hint:
2026-01-17T21:23:39.2122400Z hint: 	git branch -m <name>
2026-01-17T21:23:39.2122637Z hint:
2026-01-17T21:23:39.2122963Z hint: Disable this message with "git config set advice.defaultBranchName false"
2026-01-17T21:23:39.2123961Z Initialized empty Git repository in /home/runner/work/register/register/.git/
2026-01-17T21:23:39.2134121Z [command]/usr/bin/git remote add origin https://github.com/is-a-dev/register
2026-01-17T21:23:39.2165207Z ##[endgroup]
2026-01-17T21:23:39.2165863Z ##[group]Disabling automatic garbage collection
2026-01-17T21:23:39.2170305Z [command]/usr/bin/git config --local gc.auto 0
2026-01-17T21:23:39.2199643Z ##[endgroup]
2026-01-17T21:23:39.2200244Z ##[group]Setting up auth
2026-01-17T21:23:39.2207210Z [command]/usr/bin/git config --local --name-only --get-regexp core\.sshCommand
2026-01-17T21:23:39.2237421Z [command]/usr/bin/git submodule foreach --recursive sh -c "git config --local --name-only --get-regexp 'core\.sshCommand' && git config --local --unset-all 'core.sshCommand' || :"
2026-01-17T21:23:39.2566789Z [command]/usr/bin/git config --local --name-only --get-regexp http\.https\:\/\/github\.com\/\.extraheader
2026-01-17T21:23:39.2595667Z [command]/usr/bin/git submodule foreach --recursive sh -c "git config --local --name-only --get-regexp 'http\.https\:\/\/github\.com\/\.extraheader' && git config --local --unset-all 'http.https://github.com/.extraheader' || :"
2026-01-17T21:23:39.2807614Z [command]/usr/bin/git config --local --name-only --get-regexp ^includeIf\.gitdir:
2026-01-17T21:23:39.2846296Z [command]/usr/bin/git submodule foreach --recursive git config --local --show-origin --name-only --get-regexp remote.origin.url
2026-01-17T21:23:39.3066794Z [command]/usr/bin/git config --local http.https://github.com/.extraheader AUTHORIZATION: basic ***
2026-01-17T21:23:39.3099972Z ##[endgroup]
2026-01-17T21:23:39.3108201Z ##[group]Fetching the repository
2026-01-17T21:23:39.3109276Z [command]/usr/bin/git -c protocol.version=2 fetch --no-tags --prune --no-recurse-submodules --depth=1 origin +3bff771ae79e5823a0e6ef527128a9ff4456a5c6:refs/remotes/pull/31682/merge
2026-01-17T21:23:40.1522672Z From https://github.com/is-a-dev/register
2026-01-17T21:23:40.1523423Z  * [new ref]         3bff771ae79e5823a0e6ef527128a9ff4456a5c6 -> pull/31682/merge
2026-01-17T21:23:40.1555549Z ##[endgroup]
2026-01-17T21:23:40.1556112Z ##[group]Determining the checkout info
2026-01-17T21:23:40.1558098Z ##[endgroup]
2026-01-17T21:23:40.1563225Z [command]/usr/bin/git sparse-checkout disable
2026-01-17T21:23:40.1603070Z [command]/usr/bin/git config --local --unset-all extensions.worktreeConfig
2026-01-17T21:23:40.1627011Z ##[group]Checking out the ref
2026-01-17T21:23:40.1631270Z [command]/usr/bin/git checkout --progress --force refs/remotes/pull/31682/merge
2026-01-17T21:23:40.5594268Z Note: switching to 'refs/remotes/pull/31682/merge'.
2026-01-17T21:23:40.5594692Z 
2026-01-17T21:23:40.5594986Z You are in 'detached HEAD' state. You can look around, make experimental
2026-01-17T21:23:40.5595754Z changes and commit them, and you can discard any commits you make in this
2026-01-17T21:23:40.5596513Z state without impacting any branches by switching back to a branch.
2026-01-17T21:23:40.5596954Z 
2026-01-17T21:23:40.5597260Z If you want to create a new branch to retain commits you create, you may
2026-01-17T21:23:40.5597971Z do so (now or later) by using -c with the switch command. Example:
2026-01-17T21:23:40.5598386Z 
2026-01-17T21:23:40.5598547Z   git switch -c <new-branch-name>
2026-01-17T21:23:40.5598809Z 
2026-01-17T21:23:40.5598988Z Or undo this operation with:
2026-01-17T21:23:40.5599243Z 
2026-01-17T21:23:40.5599363Z   git switch -
2026-01-17T21:23:40.5599649Z 
2026-01-17T21:23:40.5599973Z Turn off this advice by setting config variable advice.detachedHead to false
2026-01-17T21:23:40.5600472Z 
2026-01-17T21:23:40.5601248Z HEAD is now at 3bff771 Merge 0d50d0a5d90a99f11eec3940281c1145a449e321 into f31ecd88de5a076100d5e7b42e76eb3d6fd71276
2026-01-17T21:23:40.5609081Z ##[endgroup]
2026-01-17T21:23:40.5647649Z [command]/usr/bin/git log -1 --format=%H
2026-01-17T21:23:40.5669077Z 3bff771ae79e5823a0e6ef527128a9ff4456a5c6
2026-01-17T21:23:40.5842912Z ##[group]Run npm install
2026-01-17T21:23:40.5843191Z [36;1mnpm install[0m
2026-01-17T21:23:40.5878625Z shell: /usr/bin/bash -e {0}
2026-01-17T21:23:40.5878874Z ##[endgroup]
2026-01-17T21:23:46.3041623Z 
2026-01-17T21:23:46.3042079Z added 186 packages, and audited 187 packages in 5s
2026-01-17T21:23:46.3042663Z 
2026-01-17T21:23:46.3042939Z 48 packages are looking for funding
2026-01-17T21:23:46.3044087Z   run `npm fund` for details
2026-01-17T21:23:46.3052883Z 
2026-01-17T21:23:46.3053233Z found 0 vulnerabilities
2026-01-17T21:23:46.3376094Z ##[group]Run echo "PR_AUTHOR=masudpilotx" >> $GITHUB_ENV
2026-01-17T21:23:46.3376533Z [36;1mecho "PR_AUTHOR=masudpilotx" >> $GITHUB_ENV[0m
2026-01-17T21:23:46.3376873Z [36;1mecho "PR_AUTHOR_ID=247460083" >> $GITHUB_ENV[0m
2026-01-17T21:23:46.3377138Z [36;1m[0m
2026-01-17T21:23:46.3377431Z [36;1mLABELS=$(gh api --jq '[.labels[].name]' /repos/{owner}/{repo}/pulls/31682)[0m
2026-01-17T21:23:46.3377852Z [36;1mecho "PR_LABELS=$LABELS" >> $GITHUB_ENV[0m
2026-01-17T21:23:46.3378167Z [36;1m[0m
2026-01-17T21:23:46.3378553Z [36;1mFILES=$(gh api --jq '[.[] | select(.status != "removed") | .filename]' /repos/{owner}/{repo}/pulls/31682/files)[0m
2026-01-17T21:23:46.3379049Z [36;1mecho "CHANGED_FILES=$FILES" >> $GITHUB_ENV[0m
2026-01-17T21:23:46.3379307Z [36;1m[0m
2026-01-17T21:23:46.3379800Z [36;1mREMOVED_FILE_DATA=$(gh api --jq '[.[] | select(.status == "removed") | {name: .filename, data: .patch}]' /repos/is-a-dev/register/pulls/31682/files)[0m
2026-01-17T21:23:46.3380499Z [36;1mecho "DELETED_FILES=$REMOVED_FILE_DATA" >> $GITHUB_ENV[0m
2026-01-17T21:23:46.3412671Z shell: /usr/bin/bash -e {0}
2026-01-17T21:23:46.3412902Z env:
2026-01-17T21:23:46.3413285Z   GH_TOKEN: ***
2026-01-17T21:23:46.3413469Z ##[endgroup]
2026-01-17T21:23:47.9267259Z ##[group]Run npx ava tests/*.test.js --timeout=1m
2026-01-17T21:23:47.9267612Z [36;1mnpx ava tests/*.test.js --timeout=1m[0m
2026-01-17T21:23:47.9297499Z shell: /usr/bin/bash -e {0}
2026-01-17T21:23:47.9297726Z env:
2026-01-17T21:23:47.9297902Z   PR_AUTHOR: masudpilotx
2026-01-17T21:23:47.9298122Z   PR_AUTHOR_ID: 247460083
2026-01-17T21:23:47.9298323Z   PR_LABELS: []
2026-01-17T21:23:47.9298519Z   CHANGED_FILES: ["domains/pilot.json"]
2026-01-17T21:23:47.9298756Z   DELETED_FILES: []
2026-01-17T21:23:47.9298937Z ##[endgroup]
2026-01-17T21:23:48.5643001Z 
2026-01-17T21:23:49.0965179Z   ✔ json › JSON files should not be in the root directory (322ms)
2026-01-17T21:23:49.0973342Z   ✔ json › All files should be valid JSON (321ms)
2026-01-17T21:23:49.0974916Z   ✔ json › All files should have valid file names (181ms)
2026-01-17T21:23:49.2137969Z   ✔ domains › Nested subdomains should not exist without a parent subdomain (440ms)
2026-01-17T21:23:49.2139929Z   ✔ domains › Nested subdomains should not exist if any parent subdomain has NS records (380ms)
2026-01-17T21:23:49.2141738Z   ✔ domains › Nested subdomains should be owned by the parent subdomain's owner (203ms)
2026-01-17T21:23:49.2148253Z   ✔ domains › Users are limited to one single character subdomain (111ms)
2026-01-17T21:23:49.4913610Z   ✔ pr › Users can only update their own subdomains
2026-01-17T21:23:49.9663969Z   ✔ proxy › Domains with proxy enabled must have at least one proxy-able record (218ms)
2026-01-17T21:23:49.9664922Z   ✔ proxy › Domains with specific records must not have proxy enabled
2026-01-17T21:23:50.4571687Z   ✘ [fail]: records › All files should have valid records Error thrown in test
2026-01-17T21:23:50.4579026Z   ✘ [fail]: records › Root subdomains should have at least one usable record Error thrown in test
2026-01-17T21:23:50.4943737Z   ✘ [fail]: json › All files should have valid required and optional fields pilot.json: Missing required field: records
2026-01-17T21:23:50.8858563Z 
2026-01-17T21:23:50.8859040Z   Unhandled rejection in tests/json.test.js
2026-01-17T21:23:50.8859430Z 
2026-01-17T21:23:50.8859562Z   tests/json.test.js:91
2026-01-17T21:23:50.8859779Z 
2026-01-17T21:23:50.8860744Z    90:         } else if (fields === requiredFields || fields === requiredOwner…
2026-01-17T21:23:50.8861755Z    91:             t.true(false, `${file}: Missing required field: ${fieldPath}…
2026-01-17T21:23:50.8862369Z    92:         }                                                                
2026-01-17T21:23:50.8862724Z 
2026-01-17T21:23:50.8862874Z   TestFailure: The test has failed
2026-01-17T21:23:50.8863146Z 
2026-01-17T21:23:50.8863802Z   › validateFields (tests/json.test.js:91:19)
2026-01-17T21:23:50.8864360Z   › processFile (tests/json.test.js:133:5)
2026-01-17T21:23:50.8864872Z   › async tests/json.test.js:177:5
2026-01-17T21:23:50.8865146Z 
2026-01-17T21:23:50.8880199Z   ✘ tests/json.test.js exited with a non-zero exit code: 1
2026-01-17T21:23:50.8901500Z   ─
2026-01-17T21:23:50.8901653Z 
2026-01-17T21:23:50.8901930Z   records › All files should have valid records
2026-01-17T21:23:50.8902257Z 
2026-01-17T21:23:50.8902382Z   Error thrown in test:
2026-01-17T21:23:50.8902585Z 
2026-01-17T21:23:50.8902695Z   TypeError {
2026-01-17T21:23:50.8903066Z     message: 'Cannot convert undefined or null to object',
2026-01-17T21:23:50.8903521Z   }
2026-01-17T21:23:50.8903659Z 
2026-01-17T21:23:50.8903861Z   TypeError: Cannot convert undefined or null to object
2026-01-17T21:23:50.8904348Z       at Function.keys (<anonymous>)
2026-01-17T21:23:50.8904899Z       at /home/runner/work/register/register/tests/records.test.js:284:35
2026-01-17T21:23:50.8905510Z       at Array.forEach (<anonymous>)
2026-01-17T21:23:50.8906049Z       at /home/runner/work/register/register/tests/records.test.js:282:11
2026-01-17T21:23:50.8906621Z       at Test.callFn (file:///home/runner/work/register/register/node_modules/ava/lib/test.js:525:26)
2026-01-17T21:23:50.8907516Z       at Test.run (file:///home/runner/work/register/register/node_modules/ava/lib/test.js:534:33)
2026-01-17T21:23:50.8908172Z       at Runner.runSingle (file:///home/runner/work/register/register/node_modules/ava/lib/runner.js:280:33)
2026-01-17T21:23:50.8908859Z       at Runner.runTest (file:///home/runner/work/register/register/node_modules/ava/lib/runner.js:362:30)
2026-01-17T21:23:50.8909464Z       at process.processTicksAndRejections (node:internal/process/task_queues:95:5)
2026-01-17T21:23:50.8909881Z       at async Promise.all (index 0)
2026-01-17T21:23:50.8910049Z 
2026-01-17T21:23:50.8910053Z 
2026-01-17T21:23:50.8910057Z 
2026-01-17T21:23:50.8910308Z   records › Root subdomains should have at least one usable record
2026-01-17T21:23:50.8910571Z 
2026-01-17T21:23:50.8910647Z   Error thrown in test:
2026-01-17T21:23:50.8910781Z 
2026-01-17T21:23:50.8911044Z   TypeError {
2026-01-17T21:23:50.8911282Z     message: 'Cannot convert undefined or null to object',
2026-01-17T21:23:50.8911570Z   }
2026-01-17T21:23:50.8911655Z 
2026-01-17T21:23:50.8911786Z   TypeError: Cannot convert undefined or null to object
2026-01-17T21:23:50.8912084Z       at Function.keys (<anonymous>)
2026-01-17T21:23:50.8912419Z       at /home/runner/work/register/register/tests/records.test.js:337:35
2026-01-17T21:23:50.8912758Z       at Array.forEach (<anonymous>)
2026-01-17T21:23:50.8913074Z       at /home/runner/work/register/register/tests/records.test.js:332:11
2026-01-17T21:23:50.8913579Z       at Test.callFn (file:///home/runner/work/register/register/node_modules/ava/lib/test.js:525:26)
2026-01-17T21:23:50.8914174Z       at Test.run (file:///home/runner/work/register/register/node_modules/ava/lib/test.js:534:33)
2026-01-17T21:23:50.8914792Z       at Runner.runSingle (file:///home/runner/work/register/register/node_modules/ava/lib/runner.js:280:33)
2026-01-17T21:23:50.8915435Z       at Runner.runTest (file:///home/runner/work/register/register/node_modules/ava/lib/runner.js:362:30)
2026-01-17T21:23:50.8916014Z       at process.processTicksAndRejections (node:internal/process/task_queues:95:5)
2026-01-17T21:23:50.8916406Z       at async Promise.all (index 1)
2026-01-17T21:23:50.8916568Z 
2026-01-17T21:23:50.8916571Z 
2026-01-17T21:23:50.8916574Z 
2026-01-17T21:23:50.8916779Z   json › All files should have valid required and optional fields
2026-01-17T21:23:50.8917024Z 
2026-01-17T21:23:50.8917103Z   tests/json.test.js:91
2026-01-17T21:23:50.8917226Z 
2026-01-17T21:23:50.8917478Z    90:         } else if (fields === requiredFields || fields === requiredOwner…
2026-01-17T21:23:50.8917932Z    91:             t.true(false, `${file}: Missing required field: ${fieldPath}…
2026-01-17T21:23:50.8918276Z    92:         }                                                                
2026-01-17T21:23:50.8918752Z 
2026-01-17T21:23:50.8918861Z   pilot.json: Missing required field: records
2026-01-17T21:23:50.8919048Z 
2026-01-17T21:23:50.8919120Z   Value is not `true`:
2026-01-17T21:23:50.8919246Z 
2026-01-17T21:23:50.8919312Z   false
2026-01-17T21:23:50.8919407Z 
2026-01-17T21:23:50.8919567Z   › validateFields (tests/json.test.js:91:19)
2026-01-17T21:23:50.8919874Z   › processFile (tests/json.test.js:133:5)
2026-01-17T21:23:50.8920167Z   › async tests/json.test.js:177:5
2026-01-17T21:23:50.8920324Z 
2026-01-17T21:23:50.8920395Z   ─
2026-01-17T21:23:50.8920484Z 
2026-01-17T21:23:50.8920551Z   3 tests failed
2026-01-17T21:23:50.8920728Z   1 unhandled rejection
2026-01-17T21:23:50.9086913Z ##[error]Process completed with exit code 1.
2026-01-17T21:23:50.9188954Z Post job cleanup.
2026-01-17T21:23:51.0122214Z [command]/usr/bin/git version
2026-01-17T21:23:51.0164040Z git version 2.52.0
2026-01-17T21:23:51.0205327Z Temporarily overriding HOME='/home/runner/work/_temp/22cf4609-73f7-434c-b250-1ffc28b1e301' before making global git config changes
2026-01-17T21:23:51.0206237Z Adding repository directory to the temporary git global config as a safe directory
2026-01-17T21:23:51.0210214Z [command]/usr/bin/git config --global --add safe.directory /home/runner/work/register/register
2026-01-17T21:23:51.0243279Z [command]/usr/bin/git config --local --name-only --get-regexp core\.sshCommand
2026-01-17T21:23:51.0273743Z [command]/usr/bin/git submodule foreach --recursive sh -c "git config --local --name-only --get-regexp 'core\.sshCommand' && git config --local --unset-all 'core.sshCommand' || :"
2026-01-17T21:23:51.0508995Z [command]/usr/bin/git config --local --name-only --get-regexp http\.https\:\/\/github\.com\/\.extraheader
2026-01-17T21:23:51.0528996Z http.https://github.com/.extraheader
2026-01-17T21:23:51.0542055Z [command]/usr/bin/git config --local --unset-all http.https://github.com/.extraheader
2026-01-17T21:23:51.0572399Z [command]/usr/bin/git submodule foreach --recursive sh -c "git config --local --name-only --get-regexp 'http\.https\:\/\/github\.com\/\.extraheader' && git config --local --unset-all 'http.https://github.com/.extraheader' || :"
2026-01-17T21:23:51.0797942Z [command]/usr/bin/git config --local --name-only --get-regexp ^includeIf\.gitdir:
2026-01-17T21:23:51.0827513Z [command]/usr/bin/git submodule foreach --recursive git config --local --show-origin --name-only --get-regexp remote.origin.url
2026-01-17T21:23:51.1163125Z Cleaning up orphan processes
